[    0.000000] Linux version 4.19.0-rc6-next-20181005-dirty (root@ldamulel) (gcc version 7.3.0 (GCC)) #2 SMP Sun Oct 7 12:54:00 SAST 2018
[    0.000000] Command line: BOOT_IMAGE=/vmlinuz-4.19-rc6-next-20181005 root=/dev/sdb1 ro
[    0.000000] x86/fpu: Supporting XSAVE feature 0x001: 'x87 floating point registers'
[    0.000000] x86/fpu: Supporting XSAVE feature 0x002: 'SSE registers'
[    0.000000] x86/fpu: Supporting XSAVE feature 0x004: 'AVX registers'
[    0.000000] x86/fpu: xstate_offset[2]:  576, xstate_sizes[2]:  256
[    0.000000] x86/fpu: Enabled xstate features 0x7, context size is 832 bytes, using 'standard' format.
[    0.000000] BIOS-provided physical RAM map:
[    0.000000] BIOS-e820: [mem 0x0000000000000000-0x000000000009fbff] usable
[    0.000000] BIOS-e820: [mem 0x000000000009fc00-0x000000000009ffff] reserved
[    0.000000] BIOS-e820: [mem 0x00000000000f0000-0x00000000000fffff] reserved
[    0.000000] BIOS-e820: [mem 0x0000000000100000-0x000000007ffeffff] usable
[    0.000000] BIOS-e820: [mem 0x000000007fff0000-0x000000007fffffff] ACPI data
[    0.000000] BIOS-e820: [mem 0x00000000fec00000-0x00000000fec00fff] reserved
[    0.000000] BIOS-e820: [mem 0x00000000fee00000-0x00000000fee00fff] reserved
[    0.000000] BIOS-e820: [mem 0x00000000fffc0000-0x00000000ffffffff] reserved
[    0.000000] NX (Execute Disable) protection: active
[    0.000000] SMBIOS 2.5 present.
[    0.000000] DMI: innotek GmbH VirtualBox/VirtualBox, BIOS VirtualBox 12/01/2006
[    0.000000] tsc: Fast TSC calibration using PIT
[    0.000000] tsc: Detected 2793.450 MHz processor
[    0.002602] e820: update [mem 0x00000000-0x00000fff] usable ==> reserved
[    0.002603] e820: remove [mem 0x000a0000-0x000fffff] usable
[    0.002607] last_pfn = 0x7fff0 max_arch_pfn = 0x400000000
[    0.002616] MTRR default type: uncachable
[    0.002616] MTRR variable ranges disabled:
[    0.002616] Disabled
[    0.002617] x86/PAT: MTRRs disabled, skipping PAT initialization too.
[    0.002619] CPU MTRRs all blank - virtualized system.
[    0.002622] x86/PAT: Configuration [0-7]: WB  WT  UC- UC  WB  WT  UC- UC  
[    0.002668] found SMP MP-table at [mem 0x0009fff0-0x0009ffff] mapped at [(____ptrval____)]
[    0.002684] check: Scanning 1 areas for low memory corruption
[    0.002686] Base memory trampoline at [(____ptrval____)] 99000 size 24576
[    0.002712] BRK [0x59401000, 0x59401fff] PGTABLE
[    0.002714] BRK [0x59402000, 0x59402fff] PGTABLE
[    0.002714] BRK [0x59403000, 0x59403fff] PGTABLE
[    0.002731] BRK [0x59404000, 0x59404fff] PGTABLE
[    0.002733] BRK [0x59405000, 0x59405fff] PGTABLE
[    0.002783] BRK [0x59406000, 0x59406fff] PGTABLE
[    0.002799] ACPI: Early table checksum verification disabled
[    0.002814] ACPI: RSDP 0x00000000000E0000 000024 (v02 VBOX  )
[    0.002817] ACPI: XSDT 0x000000007FFF0030 00003C (v01 VBOX   VBOXXSDT 00000001 ASL  00000061)
[    0.002822] ACPI: FACP 0x000000007FFF00F0 0000F4 (v04 VBOX   VBOXFACP 00000001 ASL  00000061)
[    0.002826] ACPI: DSDT 0x000000007FFF0470 0021FF (v02 VBOX   VBOXBIOS 00000002 INTL 20100528)
[    0.002829] ACPI: FACS 0x000000007FFF0200 000040
[    0.002831] ACPI: FACS 0x000000007FFF0200 000040
[    0.002834] ACPI: APIC 0x000000007FFF0240 000054 (v02 VBOX   VBOXAPIC 00000001 ASL  00000061)
[    0.002836] ACPI: SSDT 0x000000007FFF02A0 0001CC (v01 VBOX   VBOXCPUT 00000002 INTL 20100528)
[    0.002843] ACPI: Local APIC address 0xfee00000
[    0.003051] No NUMA configuration found
[    0.003052] Faking a node at [mem 0x0000000000000000-0x000000007ffeffff]
[    0.003054] NODE_DATA(0) allocated [mem 0x7ffec000-0x7ffeffff]
[    0.003359] Zone ranges:
[    0.003360]   DMA      [mem 0x0000000000001000-0x0000000000ffffff]
[    0.003361]   DMA32    [mem 0x0000000001000000-0x000000007ffeffff]
[    0.003362]   Normal   empty
[    0.003363] Movable zone start for each node
[    0.003364] Early memory node ranges
[    0.003365]   node   0: [mem 0x0000000000001000-0x000000000009efff]
[    0.003366]   node   0: [mem 0x0000000000100000-0x000000007ffeffff]
[    0.004010] Reserved but unavailable: 114 pages
[    0.004011] Initmem setup node 0 [mem 0x0000000000001000-0x000000007ffeffff]
[    0.004013] On node 0 totalpages: 524174
[    0.004014]   DMA zone: 64 pages used for memmap
[    0.004014]   DMA zone: 21 pages reserved
[    0.004015]   DMA zone: 3998 pages, LIFO batch:0
[    0.004081]   DMA32 zone: 8128 pages used for memmap
[    0.004081]   DMA32 zone: 520176 pages, LIFO batch:63
[    0.016040] ACPI: PM-Timer IO Port: 0x4008
[    0.016043] ACPI: Local APIC address 0xfee00000
[    0.016084] IOAPIC[0]: apic_id 1, version 32, address 0xfec00000, GSI 0-23
[    0.016086] ACPI: INT_SRC_OVR (bus 0 bus_irq 0 global_irq 2 dfl dfl)
[    0.016088] ACPI: INT_SRC_OVR (bus 0 bus_irq 9 global_irq 9 low level)
[    0.016089] ACPI: IRQ0 used by override.
[    0.016090] ACPI: IRQ9 used by override.
[    0.016091] Using ACPI (MADT) for SMP configuration information
[    0.016096] smpboot: Allowing 1 CPUs, 0 hotplug CPUs
[    0.016103] PM: Registered nosave memory: [mem 0x00000000-0x00000fff]
[    0.016104] PM: Registered nosave memory: [mem 0x0009f000-0x0009ffff]
[    0.016105] PM: Registered nosave memory: [mem 0x000a0000-0x000effff]
[    0.016106] PM: Registered nosave memory: [mem 0x000f0000-0x000fffff]
[    0.016107] [mem 0x80000000-0xfebfffff] available for PCI devices
[    0.016109] clocksource: refined-jiffies: mask: 0xffffffff max_cycles: 0xffffffff, max_idle_ns: 1910969940391419 ns
[    0.101676] random: get_random_bytes called from start_kernel+0x8b/0x489 with crng_init=0
[    0.101684] setup_percpu: NR_CPUS:64 nr_cpumask_bits:64 nr_cpu_ids:1 nr_node_ids:1
[    0.102160] percpu: Embedded 43 pages/cpu @(____ptrval____) s138008 r8192 d29928 u2097152
[    0.102165] pcpu-alloc: s138008 r8192 d29928 u2097152 alloc=1*2097152
[    0.102166] pcpu-alloc: [0] 0 
[    0.102178] Built 1 zonelists, mobility grouping on.  Total pages: 515961
[    0.102179] Policy zone: DMA32
[    0.102181] Kernel command line: BOOT_IMAGE=/vmlinuz-4.19-rc6-next-20181005 root=/dev/sdb1 ro
[    0.102241] Calgary: detecting Calgary via BIOS EBDA area
[    0.102242] Calgary: Unable to locate Rio Grande table in EBDA - bailing!
[    0.108077] Memory: 2036828K/2096696K available (12293K kernel code, 1254K rwdata, 3084K rodata, 1240K init, 1588K bss, 59868K reserved, 0K cma-reserved)
[    0.108402] SLUB: HWalign=64, Order=0-3, MinObjects=0, CPUs=1, Nodes=1
[    0.108406] Kernel/User page tables isolation: enabled
[    0.108772] rcu: Hierarchical RCU implementation.
[    0.108773] rcu: 	RCU event tracing is enabled.
[    0.108774] rcu: 	RCU restricting CPUs from NR_CPUS=64 to nr_cpu_ids=1.
[    0.108775] rcu: RCU calculated value of scheduler-enlistment delay is 100 jiffies.
[    0.108776] rcu: Adjusting geometry for rcu_fanout_leaf=16, nr_cpu_ids=1
[    0.108878] NR_IRQS: 4352, nr_irqs: 256, preallocated irqs: 16
[    0.116966] Console: colour VGA+ 80x25
[    0.152653] console [tty0] enabled
[    0.153101] ACPI: Core revision 20180810
[    0.153598] APIC: Switch to symmetric I/O mode setup
[    0.155083] ..TIMER: vector=0x30 apic1=0 pin1=2 apic2=-1 pin2=-1
[    0.159559] clocksource: tsc-early: mask: 0xffffffffffffffff max_cycles: 0x284415563fc, max_idle_ns: 440795249673 ns
[    0.160177] Calibrating delay loop (skipped), value calculated using timer frequency.. 5586.90 BogoMIPS (lpj=2793450)
[    0.161163] pid_max: default: 32768 minimum: 301
[    0.161507] Security Framework initialized
[    0.161884] SELinux:  Initializing.
[    0.162163] *** VALIDATE SELinux ***
[    0.163055] Dentry cache hash table entries: 262144 (order: 9, 2097152 bytes)
[    0.163257] Inode-cache hash table entries: 131072 (order: 8, 1048576 bytes)
[    0.164171] Mount-cache hash table entries: 4096 (order: 3, 32768 bytes)
[    0.164644] Mountpoint-cache hash table entries: 4096 (order: 3, 32768 bytes)
[    0.165163] *** VALIDATE proc ***
[    0.165183] *** VALIDATE cgroup1 ***
[    0.165563] *** VALIDATE cgroup2 ***
[    0.166255] mce: CPU supports 0 MCE banks
[    0.166652] process: using mwait in idle threads
[    0.167169] Last level iTLB entries: 4KB 128, 2MB 8, 4MB 8
[    0.167617] Last level dTLB entries: 4KB 64, 2MB 0, 4MB 0, 1GB 4
[    0.168163] Spectre V2 : Mitigation: Full generic retpoline
[    0.168522] Spectre V2 : Spectre v2 / SpectreRSB mitigation: Filling RSB on context switch
[    0.169166] Speculative Store Bypass: Vulnerable
[    0.182163] Freeing SMP alternatives memory: 40K
[    0.183163] smpboot: CPU0: Intel(R) Core(TM) i5-5575R CPU @ 2.80GHz (family: 0x6, model: 0x47, stepping: 0x1)
[    0.183163] Performance Events: unsupported p6 CPU model 71 no PMU driver, software events only.
[    0.183196] rcu: Hierarchical SRCU implementation.
[    0.183975] smp: Bringing up secondary CPUs ...
[    0.184166] smp: Brought up 1 node, 1 CPU
[    0.184513] smpboot: Max logical packages: 1
[    0.184860] smpboot: Total of 1 processors activated (5586.90 BogoMIPS)
[    0.185308] devtmpfs: initialized
[    0.186307] clocksource: jiffies: mask: 0xffffffff max_cycles: 0xffffffff, max_idle_ns: 1911260446275000 ns
[    0.186891] futex hash table entries: 256 (order: 2, 16384 bytes)
[    0.187255] RTC time:  0:05:54, date: 10/04/18
[    0.187707] NET: Registered protocol family 16
[    0.188410] kworker/u2:0 (16) used greatest stack depth: 14592 bytes left
[    0.189163] audit: initializing netlink subsys (disabled)
[    0.190338] cpuidle: using governor menu
[    0.190717] ACPI: bus type PCI registered
[    0.191181] PCI: Using configuration type 1 for base access
[    0.192171] audit: type=2000 audit(1538611554.037:1): state=initialized audit_enabled=0 res=1
[    0.192713] kworker/u2:1 (20) used greatest stack depth: 14160 bytes left
[    0.199862] HugeTLB registered 2.00 MiB page size, pre-allocated 0 pages
[    0.200332] ACPI: Added _OSI(Module Device)
[    0.200691] ACPI: Added _OSI(Processor Device)
[    0.201042] ACPI: Added _OSI(3.0 _SCP Extensions)
[    0.201169] ACPI: Added _OSI(Processor Aggregator Device)
[    0.201622] ACPI: Added _OSI(Linux-Dell-Video)
[    0.202195] ACPI: Added _OSI(Linux-Lenovo-NV-HDMI-Audio)
[    0.203823] ACPI: 2 ACPI AML tables successfully acquired and loaded
[    0.205484] ACPI: Interpreter enabled
[    0.205847] ACPI: (supports S0 S5)
[    0.206174] ACPI: Using IOAPIC for interrupt routing
[    0.206708] PCI: Using host bridge windows from ACPI; if necessary, use "pci=nocrs" and report a bug
[    0.207277] ACPI: Enabled 2 GPEs in block 00 to 07
[    0.212570] ACPI: PCI Root Bridge [PCI0] (domain 0000 [bus 00-ff])
[    0.212977] acpi PNP0A03:00: _OSC: OS supports [ASPM ClockPM Segments MSI]
[    0.213163] acpi PNP0A03:00: _OSC: not requesting OS control; OS requires [ExtendedConfig ASPM ClockPM MSI]
[    0.213686] acpi PNP0A03:00: fail to add MMCONFIG information, can't access extended PCI configuration space under this bridge.
[    0.214286] PCI host bridge to bus 0000:00
[    0.214640] pci_bus 0000:00: root bus resource [io  0x0000-0x0cf7 window]
[    0.215171] pci_bus 0000:00: root bus resource [io  0x0d00-0xffff window]
[    0.215582] pci_bus 0000:00: root bus resource [mem 0x000a0000-0x000bffff window]
[    0.216065] pci_bus 0000:00: root bus resource [mem 0x80000000-0xfdffffff window]
[    0.216171] pci_bus 0000:00: root bus resource [bus 00-ff]
[    0.216608] pci 0000:00:00.0: [8086:1237] type 00 class 0x060000
[    0.217875] pci 0000:00:01.0: [8086:7000] type 00 class 0x060100
[    0.218859] pci 0000:00:01.1: [8086:7111] type 00 class 0x01018a
[    0.219533] pci 0000:00:01.1: reg 0x20: [io  0xd000-0xd00f]
[    0.219805] pci 0000:00:01.1: legacy IDE quirk: reg 0x10: [io  0x01f0-0x01f7]
[    0.220169] pci 0000:00:01.1: legacy IDE quirk: reg 0x14: [io  0x03f6]
[    0.220650] pci 0000:00:01.1: legacy IDE quirk: reg 0x18: [io  0x0170-0x0177]
[    0.221168] pci 0000:00:01.1: legacy IDE quirk: reg 0x1c: [io  0x0376]
[    0.221930] pci 0000:00:02.0: [80ee:beef] type 00 class 0x030000
[    0.223414] pci 0000:00:02.0: reg 0x10: [mem 0xe0000000-0xe0ffffff pref]
[    0.230005] pci 0000:00:03.0: [8086:100e] type 00 class 0x020000
[    0.230986] pci 0000:00:03.0: reg 0x10: [mem 0xf0000000-0xf001ffff]
[    0.232891] pci 0000:00:03.0: reg 0x18: [io  0xd010-0xd017]
[    0.236868] pci 0000:00:04.0: [80ee:cafe] type 00 class 0x088000
[    0.237863] pci 0000:00:04.0: reg 0x10: [io  0xd020-0xd03f]
[    0.238594] pci 0000:00:04.0: reg 0x14: [mem 0xf0400000-0xf07fffff]
[    0.239487] pci 0000:00:04.0: reg 0x18: [mem 0xf0800000-0xf0803fff pref]
[    0.242498] pci 0000:00:05.0: [8086:2415] type 00 class 0x040100
[    0.242705] pci 0000:00:05.0: reg 0x10: [io  0xd100-0xd1ff]
[    0.242824] pci 0000:00:05.0: reg 0x14: [io  0xd200-0xd23f]
[    0.243744] pci 0000:00:06.0: [106b:003f] type 00 class 0x0c0310
[    0.244657] pci 0000:00:06.0: reg 0x10: [mem 0xf0804000-0xf0804fff]
[    0.249575] pci 0000:00:07.0: [8086:7113] type 00 class 0x068000
[    0.250110] pci 0000:00:07.0: quirk: [io  0x4000-0x403f] claimed by PIIX4 ACPI
[    0.250184] pci 0000:00:07.0: quirk: [io  0x4100-0x410f] claimed by PIIX4 SMB
[    0.251508] pci 0000:00:0d.0: [8086:2829] type 00 class 0x010601
[    0.252640] pci 0000:00:0d.0: reg 0x10: [io  0xd240-0xd247]
[    0.253617] pci 0000:00:0d.0: reg 0x14: [io  0xd248-0xd24b]
[    0.254332] pci 0000:00:0d.0: reg 0x18: [io  0xd250-0xd257]
[    0.255115] pci 0000:00:0d.0: reg 0x1c: [io  0xd258-0xd25b]
[    0.256069] pci 0000:00:0d.0: reg 0x20: [io  0xd260-0xd26f]
[    0.256712] pci 0000:00:0d.0: reg 0x24: [mem 0xf0806000-0xf0807fff]
[    0.259823] ACPI: PCI Interrupt Link [LNKA] (IRQs 5 9 10 *11)
[    0.260362] ACPI: PCI Interrupt Link [LNKB] (IRQs 5 9 *10 11)
[    0.260842] ACPI: PCI Interrupt Link [LNKC] (IRQs 5 *9 10 11)
[    0.261299] ACPI: PCI Interrupt Link [LNKD] (IRQs 5 9 10 *11)
[    0.261914] pci 0000:00:02.0: vgaarb: setting as boot VGA device
[    0.262163] pci 0000:00:02.0: vgaarb: VGA device added: decodes=io+mem,owns=io+mem,locks=none
[    0.262168] pci 0000:00:02.0: vgaarb: bridge control possible
[    0.262554] vgaarb: loaded
[    0.263271] SCSI subsystem initialized
[    0.264259] libata version 3.00 loaded.
[    0.264317] ACPI: bus type USB registered
[    0.264707] usbcore: registered new interface driver usbfs
[    0.265204] usbcore: registered new interface driver hub
[    0.265609] usbcore: registered new device driver usb
[    0.266482] pps_core: LinuxPPS API ver. 1 registered
[    0.267214] pps_core: Software ver. 5.3.6 - Copyright 2005-2007 Rodolfo Giometti <giometti@linux.it>
[    0.267823] PTP clock support registered
[    0.268360] EDAC MC: Ver: 3.0.0
[    0.269457] Advanced Linux Sound Architecture Driver Initialized.
[    0.269947] PCI: Using ACPI for IRQ routing
[    0.270169] PCI: pci_cache_line_size set to 64 bytes
[    0.270410] e820: reserve RAM buffer [mem 0x0009fc00-0x0009ffff]
[    0.270415] e820: reserve RAM buffer [mem 0x7fff0000-0x7fffffff]
[    0.270538] NetLabel: Initializing
[    0.270893] NetLabel:  domain hash size = 128
[    0.271170] NetLabel:  protocols = UNLABELED CIPSOv4 CALIPSO
[    0.271582] NetLabel:  unlabeled traffic allowed by default
[    0.272348] clocksource: Switched to clocksource tsc-early
[    0.278966] VFS: Disk quotas dquot_6.6.0
[    0.279345] VFS: Dquot-cache hash table entries: 512 (order 0, 4096 bytes)
[    0.279767] *** VALIDATE hugetlbfs ***
[    0.280107] pnp: PnP ACPI init
[    0.280495] pnp 00:00: Plug and Play ACPI device, IDs PNP0303 (active)
[    0.280565] pnp 00:01: Plug and Play ACPI device, IDs PNP0f03 (active)
[    0.281247] pnp: PnP ACPI: found 2 devices
[    0.288297] clocksource: acpi_pm: mask: 0xffffff max_cycles: 0xffffff, max_idle_ns: 2085701024 ns
[    0.289009] pci_bus 0000:00: resource 4 [io  0x0000-0x0cf7 window]
[    0.289009] pci_bus 0000:00: resource 5 [io  0x0d00-0xffff window]
[    0.289009] pci_bus 0000:00: resource 6 [mem 0x000a0000-0x000bffff window]
[    0.289009] pci_bus 0000:00: resource 7 [mem 0x80000000-0xfdffffff window]
[    0.289834] NET: Registered protocol family 2
[    0.290447] tcp_listen_portaddr_hash hash table entries: 1024 (order: 2, 16384 bytes)
[    0.290953] TCP established hash table entries: 16384 (order: 5, 131072 bytes)
[    0.291474] TCP bind hash table entries: 16384 (order: 6, 262144 bytes)
[    0.291900] TCP: Hash tables configured (established 16384 bind 16384)
[    0.292350] UDP hash table entries: 1024 (order: 3, 32768 bytes)
[    0.292749] UDP-Lite hash table entries: 1024 (order: 3, 32768 bytes)
[    0.293100] NET: Registered protocol family 1
[    0.293515] RPC: Registered named UNIX socket transport module.
[    0.293926] RPC: Registered udp transport module.
[    0.294292] RPC: Registered tcp transport module.
[    0.294650] RPC: Registered tcp NFSv4.1 backchannel transport module.
[    0.295158] pci 0000:00:00.0: Limiting direct PCI/PCI transfers
[    0.295563] pci 0000:00:01.0: Activating ISA DMA hang workarounds
[    0.296025] pci 0000:00:02.0: Video device with shadowed ROM at [mem 0x000c0000-0x000dffff]
[    0.297401] PCI: CLS 0 bytes, default 64
[    0.297458] RAPL PMU: API unit is 2^-32 Joules, 4 fixed counters, 10737418240 ms ovfl timer
[    0.297971] RAPL PMU: hw unit of domain pp0-core 2^-0 Joules
[    0.298362] RAPL PMU: hw unit of domain package 2^-0 Joules
[    0.298742] RAPL PMU: hw unit of domain dram 2^-0 Joules
[    0.299075] RAPL PMU: hw unit of domain pp1-gpu 2^-0 Joules
[    0.299523] platform rtc_cmos: registered platform RTC device (no PNP device found)
[    0.300140] check: Scanning for low memory corruption every 60 seconds
[    0.300924] Initialise system trusted keyrings
[    0.301479] workingset: timestamp_bits=56 max_order=19 bucket_order=0
[    0.304961] NFS: Registering the id_resolver key type
[    0.305608] Key type id_resolver registered
[    0.305964] Key type id_legacy registered
[    0.307479] Key type asymmetric registered
[    0.307873] Asymmetric key parser 'x509' registered
[    0.308252] Block layer SCSI generic (bsg) driver version 0.4 loaded (major 251)
[    0.308766] io scheduler noop registered
[    0.309609] io scheduler deadline registered
[    0.310138] io scheduler cfq registered (default)
[    0.310506] io scheduler mq-deadline registered
[    0.310902] io scheduler kyber registered
[    0.311536] ACPI: AC Adapter [AC] (on-line)
[    0.311960] input: Power Button as /devices/LNXSYSTM:00/LNXPWRBN:00/input/input0
[    0.312476] ACPI: Power Button [PWRF]
[    0.312900] input: Sleep Button as /devices/LNXSYSTM:00/LNXSLPBN:00/input/input1
[    0.313486] ACPI: Sleep Button [SLPF]
[    0.313932] ACPI: Video Device [GFX0] (multi-head: yes  rom: no  post: no)
[    0.314403] input: Video Bus as /devices/LNXSYSTM:00/LNXSYBUS:00/PNP0A03:00/LNXVIDEO:00/input/input2
[    0.315153] Serial: 8250/16550 driver, 4 ports, IRQ sharing enabled
[    0.315655] Non-volatile memory driver v1.3
[    0.316069] Linux agpgart interface v0.103
[    0.318206] loop: module loaded
[    0.318635] ahci 0000:00:0d.0: version 3.0
[    0.319110] ahci 0000:00:0d.0: SSS flag set, parallel bus scan disabled
[    0.319690] ahci 0000:00:0d.0: AHCI 0001.0100 32 slots 2 ports 3 Gbps 0x3 impl SATA mode
[    0.320308] ahci 0000:00:0d.0: flags: 64bit ncq stag only ccc 
[    0.321120] scsi host0: ahci
[    0.321551] scsi host1: ahci
[    0.321918] ata1: SATA max UDMA/133 abar m8192@0xf0806000 port 0xf0806100 irq 21
[    0.322421] ata2: SATA max UDMA/133 abar m8192@0xf0806000 port 0xf0806180 irq 21
[    0.323905] ata_piix 0000:00:01.1: version 2.13
[    0.324391] scsi host2: ata_piix
[    0.324931] scsi host3: ata_piix
[    0.325288] ata3: PATA max UDMA/33 cmd 0x1f0 ctl 0x3f6 bmdma 0xd000 irq 14
[    0.325702] ata4: PATA max UDMA/33 cmd 0x170 ctl 0x376 bmdma 0xd008 irq 15
[    0.326398] e100: Intel(R) PRO/100 Network Driver, 3.5.24-k2-NAPI
[    0.326798] e100: Copyright(c) 1999-2006 Intel Corporation
[    0.327102] e1000: Intel(R) PRO/1000 Network Driver - version 7.3.21-k8-NAPI
[    0.327551] e1000: Copyright (c) 1999-2006 Intel Corporation.
[    0.484496] ata3.00: ATA-6: VBOX HARDDISK, 1.0, max UDMA/133
[    0.484890] ata3.00: 129490944 sectors, multi 128: LBA 
[    0.485271] ata3.01: ATA-6: VBOX HARDDISK, 1.0, max UDMA/133
[    0.485676] ata3.01: 103317504 sectors, multi 128: LBA 
[    0.486724] ata4.00: ATAPI: VBOX CD-ROM, 1.0, max UDMA/133
[    0.635063] ata1: SATA link down (SStatus 0 SControl 300)
[    0.706406] e1000 0000:00:03.0 eth0: (PCI:33MHz:32-bit) 08:00:27:b1:14:9b
[    0.706869] e1000 0000:00:03.0 eth0: Intel(R) PRO/1000 Network Connection
[    0.707624] e1000e: Intel(R) PRO/1000 Network Driver - 3.2.6-k
[    0.708022] e1000e: Copyright(c) 1999 - 2015 Intel Corporation.
[    0.708472] sky2: driver version 1.30
[    0.708971] ehci_hcd: USB 2.0 'Enhanced' Host Controller (EHCI) Driver
[    0.710004] ehci-pci: EHCI PCI platform driver
[    0.710533] ohci_hcd: USB 1.1 'Open' Host Controller (OHCI) Driver
[    0.710995] ohci-pci: OHCI PCI platform driver
[    0.711805] ohci-pci 0000:00:06.0: OHCI PCI host controller
[    0.712099] ohci-pci 0000:00:06.0: new USB bus registered, assigned bus number 1
[    0.712649] ohci-pci 0000:00:06.0: irq 22, io mem 0xf0804000
[    0.765281] usb usb1: New USB device found, idVendor=1d6b, idProduct=0001, bcdDevice= 4.19
[    0.765795] usb usb1: New USB device strings: Mfr=3, Product=2, SerialNumber=1
[    0.766631] usb usb1: Product: OHCI PCI host controller
[    0.767275] usb usb1: Manufacturer: Linux 4.19.0-rc6-next-20181005-dirty ohci_hcd
[    0.767761] usb usb1: SerialNumber: 0000:00:06.0
[    0.768152] hub 1-0:1.0: USB hub found
[    0.768549] hub 1-0:1.0: 12 ports detected
[    0.769445] uhci_hcd: USB Universal Host Controller Interface driver
[    0.769934] usbcore: registered new interface driver usblp
[    0.770453] usbcore: registered new interface driver usb-storage
[    0.770900] i8042: PNP: PS/2 Controller [PNP0303:PS2K,PNP0f03:PS2M] at 0x60,0x64 irq 1,12
[    0.771861] serio: i8042 KBD port at 0x60,0x64 irq 1
[    0.772350] serio: i8042 AUX port at 0x60,0x64 irq 12
[    0.773021] input: AT Translated Set 2 keyboard as /devices/platform/i8042/serio0/input/input3
[    0.775080] rtc_cmos rtc_cmos: registered as rtc0
[    0.775486] rtc_cmos rtc_cmos: alarms up to one day, 114 bytes nvram
[    0.775937] device-mapper: ioctl: 4.39.0-ioctl (2018-04-03) initialised: dm-devel@redhat.com
[    0.776594] hidraw: raw HID events driver (C) Jiri Kosina
[    0.777239] usbcore: registered new interface driver usbhid
[    0.777625] usbhid: USB HID core driver
[    0.778303] Initializing XFRM netlink socket
[    0.778782] NET: Registered protocol family 10
[    0.779415] Segment Routing with IPv6
[    0.779823] sit: IPv6, IPv4 and MPLS over IPv4 tunneling driver
[    0.780356] NET: Registered protocol family 17
[    0.780724] Key type dns_resolver registered
[    0.781090] sched_clock: Marking stable (736864203, 44138403)->(882650197, -101647591)
[    0.781720] registered taskstats version 1
[    0.782009] Loading compiled-in X.509 certificates
[    0.782570]   Magic number: 6:832:50
[    0.782978] platform platform-framebuffer.0: hash matches
[    0.783372] console [netcon0] enabled
[    0.783726] netconsole: network logging started
[    0.784105] cfg80211: Loading compiled-in X.509 certificates for regulatory database
[    0.784847] cfg80211: Loaded X.509 cert 'sforshee: 00b28ddf47aef9cea7'
[    0.785270] ALSA device list:
[    0.785590]   No soundcards found.
[    0.785985] platform regulatory.0: Direct firmware load for regulatory.db failed with error -2
[    0.786505] cfg80211: failed to load regulatory.db
[    0.955996] ata2: SATA link down (SStatus 0 SControl 300)
[    0.956498] scsi 2:0:0:0: Direct-Access     ATA      VBOX HARDDISK    1.0  PQ: 0 ANSI: 5
[    0.957155] sd 2:0:0:0: [sda] 129490944 512-byte logical blocks: (66.3 GB/61.7 GiB)
[    0.957744] sd 2:0:0:0: [sda] Write Protect is off
[    0.958564] sd 2:0:0:0: [sda] Mode Sense: 00 3a 00 00
[    0.958844] sd 2:0:0:0: Attached scsi generic sg0 type 0
[    0.959387] scsi 2:0:1:0: Direct-Access     ATA      VBOX HARDDISK    1.0  PQ: 0 ANSI: 5
[    0.960059] sd 2:0:1:0: [sdb] 103317504 512-byte logical blocks: (52.9 GB/49.3 GiB)
[    0.960612] sd 2:0:1:0: [sdb] Write Protect is off
[    0.961009] sd 2:0:1:0: [sdb] Mode Sense: 00 3a 00 00
[    0.961126] sd 2:0:1:0: Attached scsi generic sg1 type 0
[    0.961564] sd 2:0:1:0: [sdb] Write cache: enabled, read cache: enabled, doesn't support DPO or FUA
[    0.962148] sd 2:0:0:0: [sda] Write cache: enabled, read cache: enabled, doesn't support DPO or FUA
[    0.964164]  sda: sda1
[    0.964634] sd 2:0:0:0: [sda] Attached SCSI disk
[    0.966157] scsi 3:0:0:0: CD-ROM            VBOX     CD-ROM           1.0  PQ: 0 ANSI: 5
[    0.967577]  sdb: sdb1 sdb2 sdb3
[    0.968378] sd 2:0:1:0: [sdb] Attached SCSI disk
[    0.979174] random: fast init done
[    0.979997] input: ImExPS/2 Generic Explorer Mouse as /devices/platform/i8042/serio1/input/input5
[    0.983309] sr 3:0:0:0: [sr0] scsi3-mmc drive: 32x/32x xa/form2 tray
[    0.983730] cdrom: Uniform CD-ROM driver Revision: 3.20
[    0.984100] sr 3:0:0:0: Attached scsi CD-ROM sr0
[    0.984267] sr 3:0:0:0: Attached scsi generic sg2 type 5
[    0.984766] md: Waiting for all devices to be available before autodetect
[    0.985651] md: If you don't use raid, use raid=noautodetect
[    0.986063] md: Autodetecting RAID arrays.
[    0.986422] md: autorun ...
[    0.986740] md: ... autorun DONE.
[    1.153911] usb 1-1: new full-speed USB device number 2 using ohci-pci
[    1.337249] tsc: Refined TSC clocksource calibration: 2793.533 MHz
[    1.337657] clocksource: tsc: mask: 0xffffffffffffffff max_cycles: 0x284463b702f, max_idle_ns: 440795312082 ns
[    1.338215] clocksource: Switched to clocksource tsc
[    1.393609] usb 1-1: New USB device found, idVendor=80ee, idProduct=0021, bcdDevice= 1.00
[    1.394138] usb 1-1: New USB device strings: Mfr=1, Product=3, SerialNumber=0
[    1.394581] usb 1-1: Product: USB Tablet
[    1.394969] usb 1-1: Manufacturer: VirtualBox
[    1.407159] input: VirtualBox USB Tablet as /devices/pci0000:00/0000:00:06.0/usb1/1-1/1-1:1.0/0003:80EE:0021.0001/input/input6
[    1.408684] hid-generic 0003:80EE:0021.0001: input,hidraw0: USB HID v1.10 Mouse [VirtualBox USB Tablet] on usb-0000:00:06.0-1/input0
[    1.879407] EXT4-fs (sdb1): mounted filesystem with ordered data mode. Opts: (null)
[    1.879663] VFS: Mounted root (ext4 filesystem) readonly on device 8:17.
[    1.904784] devtmpfs: mounted
[    1.905669] Freeing unused kernel image memory: 1240K
[    1.908255] Write protecting the kernel read-only data: 18432k
[    1.908993] Freeing unused kernel image memory: 2008K
[    1.910258] Freeing unused kernel image memory: 1012K
[    1.910531] Run /sbin/init as init process
[    2.861822] random: crng init done
[    3.341583] systemd[1]: RTC configured in localtime, applying delta of 120 minutes to system time.
[    3.670381] systemd[1]: systemd 237 running in system mode. (-PAM -AUDIT -SELINUX +IMA -APPARMOR +SMACK +SYSVINIT +UTMP -LIBCRYPTSETUP -GCRYPT -GNUTLS +ACL +XZ -LZ4 -SECCOMP +BLKID -ELFUTILS +KMOD -IDN2 -IDN -PCRE2 default-hierarchy=hybrid)
[    3.671097] systemd[1]: Detected virtualization oracle.
[    3.671506] systemd[1]: Detected architecture x86-64.
[    3.952082] systemd[1]: Set hostname to <ldamulel>.
[    4.125462] systemd-hiberna (1095) used greatest stack depth: 14048 bytes left
[    4.227293] systemd-rc-loca (1096) used greatest stack depth: 13840 bytes left
[    4.228220] systemd-sysv-ge (1098) used greatest stack depth: 13816 bytes left
[    4.570300] systemd[1]: File /lib/systemd/system/systemd-journald.service:35 configures an IP firewall (IPAddressDeny=any), but the local system does not support BPF/cgroup based firewalling.
[    4.570905] systemd[1]: Proceeding WITHOUT firewalling in effect! (This warning is only shown for the first loaded unit using IP firewalling.)
[    4.741877] systemd[1]: Reached target Remote File Systems.
[    4.743782] systemd[1]: Created slice System Slice.
[    4.745923] systemd[1]: Listening on Network Service Netlink Socket.
[    4.747880] systemd[1]: Created slice system-dhcpcd.slice.
[    5.159018] mount (1099) used greatest stack depth: 13576 bytes left
[    5.346460] modprobe (1108) used greatest stack depth: 13368 bytes left
[    5.797345] EXT4-fs (sdb1): re-mounted. Opts: (null)
[    6.061678] systemd-journald[1103]: Received request to flush runtime journal from PID 1
[    6.074579] systemd-journald[1103]: File /var/log/journal/647ac2139e21428794d5573cbc88b6fd/system.journal corrupted or uncleanly shut down, renaming and replacing.
[    7.080548] IPv6: ADDRCONF(NETDEV_UP): eth0: link is not ready
[    7.083550] e1000: eth0 NIC Link is Up 1000 Mbps Full Duplex, Flow Control: RX
[    7.084513] IPv6: ADDRCONF(NETDEV_CHANGE): eth0: link becomes ready
[    7.255119] EXT4-fs (sdb2): mounting ext2 file system using the ext4 subsystem
[    7.286960] EXT4-fs (sdb2): warning: mounting unchecked fs, running e2fsck is recommended
[    7.300664] EXT4-fs (sdb2): mounted filesystem without journal. Opts: (null)
[    7.304651] Adding 6316028k swap on /dev/sdb3.  Priority:1 extents:1 across:6316028k 
[    8.450168] dhcpcd (1646) used greatest stack depth: 12688 bytes left
[  163.984390] hrtimer: interrupt took 2211262 ns
