[    0.000000] Linux version 4.19.0-rc4 (root@ldamulel) (gcc version 7.3.0 (GCC)) #1 SMP Wed Oct 3 09:29:49 SAST 2018
[    0.000000] Command line: BOOT_IMAGE=/vmlinuz-4.19-rc4-ldamulel root=/dev/sdb1 ro
[    0.000000] x86/fpu: Supporting XSAVE feature 0x001: 'x87 floating point registers'
[    0.000000] x86/fpu: Supporting XSAVE feature 0x002: 'SSE registers'
[    0.000000] x86/fpu: Supporting XSAVE feature 0x004: 'AVX registers'
[    0.000000] x86/fpu: xstate_offset[2]:  576, xstate_sizes[2]:  256
[    0.000000] x86/fpu: Enabled xstate features 0x7, context size is 832 bytes, using 'standard' format.
[    0.000000] BIOS-provided physical RAM map:
[    0.000000] BIOS-e820: [mem 0x0000000000000000-0x000000000009fbff] usable
[    0.000000] BIOS-e820: [mem 0x000000000009fc00-0x000000000009ffff] reserved
[    0.000000] BIOS-e820: [mem 0x00000000000f0000-0x00000000000fffff] reserved
[    0.000000] BIOS-e820: [mem 0x0000000000100000-0x000000007ffeffff] usable
[    0.000000] BIOS-e820: [mem 0x000000007fff0000-0x000000007fffffff] ACPI data
[    0.000000] BIOS-e820: [mem 0x00000000fec00000-0x00000000fec00fff] reserved
[    0.000000] BIOS-e820: [mem 0x00000000fee00000-0x00000000fee00fff] reserved
[    0.000000] BIOS-e820: [mem 0x00000000fffc0000-0x00000000ffffffff] reserved
[    0.000000] NX (Execute Disable) protection: active
[    0.000000] SMBIOS 2.5 present.
[    0.000000] DMI: innotek GmbH VirtualBox/VirtualBox, BIOS VirtualBox 12/01/2006
[    0.000000] tsc: Fast TSC calibration using PIT
[    0.000000] tsc: Detected 2793.564 MHz processor
[    0.002571] e820: update [mem 0x00000000-0x00000fff] usable ==> reserved
[    0.002573] e820: remove [mem 0x000a0000-0x000fffff] usable
[    0.002576] last_pfn = 0x7fff0 max_arch_pfn = 0x400000000
[    0.002584] MTRR default type: uncachable
[    0.002585] MTRR variable ranges disabled:
[    0.002585] Disabled
[    0.002586] x86/PAT: MTRRs disabled, skipping PAT initialization too.
[    0.002588] CPU MTRRs all blank - virtualized system.
[    0.002590] x86/PAT: Configuration [0-7]: WB  WT  UC- UC  WB  WT  UC- UC  
[    0.002636] found SMP MP-table at [mem 0x0009fff0-0x0009ffff] mapped at [(____ptrval____)]
[    0.002650] Scanning 1 areas for low memory corruption
[    0.002652] Base memory trampoline at [(____ptrval____)] 99000 size 24576
[    0.002679] BRK [0x21b11000, 0x21b11fff] PGTABLE
[    0.002680] BRK [0x21b12000, 0x21b12fff] PGTABLE
[    0.002680] BRK [0x21b13000, 0x21b13fff] PGTABLE
[    0.002697] BRK [0x21b14000, 0x21b14fff] PGTABLE
[    0.002699] BRK [0x21b15000, 0x21b15fff] PGTABLE
[    0.002749] BRK [0x21b16000, 0x21b16fff] PGTABLE
[    0.002765] ACPI: Early table checksum verification disabled
[    0.002781] ACPI: RSDP 0x00000000000E0000 000024 (v02 VBOX  )
[    0.002784] ACPI: XSDT 0x000000007FFF0030 00003C (v01 VBOX   VBOXXSDT 00000001 ASL  00000061)
[    0.002789] ACPI: FACP 0x000000007FFF00F0 0000F4 (v04 VBOX   VBOXFACP 00000001 ASL  00000061)
[    0.002793] ACPI: DSDT 0x000000007FFF0470 0021FF (v02 VBOX   VBOXBIOS 00000002 INTL 20100528)
[    0.002796] ACPI: FACS 0x000000007FFF0200 000040
[    0.002798] ACPI: FACS 0x000000007FFF0200 000040
[    0.002800] ACPI: APIC 0x000000007FFF0240 000054 (v02 VBOX   VBOXAPIC 00000001 ASL  00000061)
[    0.002803] ACPI: SSDT 0x000000007FFF02A0 0001CC (v01 VBOX   VBOXCPUT 00000002 INTL 20100528)
[    0.002810] ACPI: Local APIC address 0xfee00000
[    0.002858] No NUMA configuration found
[    0.002860] Faking a node at [mem 0x0000000000000000-0x000000007ffeffff]
[    0.002863] NODE_DATA(0) allocated [mem 0x7ffec000-0x7ffeffff]
[    0.003169] Zone ranges:
[    0.003170]   DMA      [mem 0x0000000000001000-0x0000000000ffffff]
[    0.003171]   DMA32    [mem 0x0000000001000000-0x000000007ffeffff]
[    0.003173]   Normal   empty
[    0.003173] Movable zone start for each node
[    0.003174] Early memory node ranges
[    0.003175]   node   0: [mem 0x0000000000001000-0x000000000009efff]
[    0.003176]   node   0: [mem 0x0000000000100000-0x000000007ffeffff]
[    0.003847] Reserved but unavailable: 114 pages
[    0.003850] Initmem setup node 0 [mem 0x0000000000001000-0x000000007ffeffff]
[    0.003852] On node 0 totalpages: 524174
[    0.003853]   DMA zone: 64 pages used for memmap
[    0.003854]   DMA zone: 21 pages reserved
[    0.003854]   DMA zone: 3998 pages, LIFO batch:0
[    0.003920]   DMA32 zone: 8128 pages used for memmap
[    0.003920]   DMA32 zone: 520176 pages, LIFO batch:63
[    0.016121] ACPI: PM-Timer IO Port: 0x4008
[    0.016124] ACPI: Local APIC address 0xfee00000
[    0.016170] IOAPIC[0]: apic_id 1, version 32, address 0xfec00000, GSI 0-23
[    0.016173] ACPI: INT_SRC_OVR (bus 0 bus_irq 0 global_irq 2 dfl dfl)
[    0.016175] ACPI: INT_SRC_OVR (bus 0 bus_irq 9 global_irq 9 low level)
[    0.016176] ACPI: IRQ0 used by override.
[    0.016177] ACPI: IRQ9 used by override.
[    0.016178] Using ACPI (MADT) for SMP configuration information
[    0.016184] smpboot: Allowing 1 CPUs, 0 hotplug CPUs
[    0.016192] PM: Registered nosave memory: [mem 0x00000000-0x00000fff]
[    0.016193] PM: Registered nosave memory: [mem 0x0009f000-0x0009ffff]
[    0.016193] PM: Registered nosave memory: [mem 0x000a0000-0x000effff]
[    0.016194] PM: Registered nosave memory: [mem 0x000f0000-0x000fffff]
[    0.016195] [mem 0x80000000-0xfebfffff] available for PCI devices
[    0.016198] clocksource: refined-jiffies: mask: 0xffffffff max_cycles: 0xffffffff, max_idle_ns: 1910969940391419 ns
[    0.101528] random: get_random_bytes called from start_kernel+0x8b/0x4a4 with crng_init=0
[    0.101536] setup_percpu: NR_CPUS:64 nr_cpumask_bits:64 nr_cpu_ids:1 nr_node_ids:1
[    0.102044] percpu: Embedded 43 pages/cpu @(____ptrval____) s138456 r8192 d29480 u2097152
[    0.102048] pcpu-alloc: s138456 r8192 d29480 u2097152 alloc=1*2097152
[    0.102049] pcpu-alloc: [0] 0 
[    0.102061] Built 1 zonelists, mobility grouping on.  Total pages: 515961
[    0.102062] Policy zone: DMA32
[    0.102063] Kernel command line: BOOT_IMAGE=/vmlinuz-4.19-rc4-ldamulel root=/dev/sdb1 ro
[    0.102120] Calgary: detecting Calgary via BIOS EBDA area
[    0.102121] Calgary: Unable to locate Rio Grande table in EBDA - bailing!
[    0.108305] Memory: 2037784K/2096696K available (12300K kernel code, 1306K rwdata, 3024K rodata, 1236K init, 608K bss, 58912K reserved, 0K cma-reserved)
[    0.108648] SLUB: HWalign=64, Order=0-3, MinObjects=0, CPUs=1, Nodes=1
[    0.108652] Kernel/User page tables isolation: enabled
[    0.109009] rcu: Hierarchical RCU implementation.
[    0.109010] rcu: 	RCU event tracing is enabled.
[    0.109011] rcu: 	RCU restricting CPUs from NR_CPUS=64 to nr_cpu_ids=1.
[    0.109012] rcu: Adjusting geometry for rcu_fanout_leaf=16, nr_cpu_ids=1
[    0.109119] NR_IRQS: 4352, nr_irqs: 256, preallocated irqs: 16
[    0.132236] Console: colour VGA+ 80x25
[    0.168271] console [tty0] enabled
[    0.168666] ACPI: Core revision 20180810
[    0.169207] APIC: Switch to symmetric I/O mode setup
[    0.170637] ..TIMER: vector=0x30 apic1=0 pin1=2 apic2=-1 pin2=-1
[    0.176675] clocksource: tsc-early: mask: 0xffffffffffffffff max_cycles: 0x2844810244d, max_idle_ns: 440795257104 ns
[    0.176785] Calibrating delay loop (skipped), value calculated using timer frequency.. 5587.12 BogoMIPS (lpj=2793564)
[    0.177773] pid_max: default: 32768 minimum: 301
[    0.178788] Security Framework initialized
[    0.179167] SELinux:  Initializing.
[    0.180334] Dentry cache hash table entries: 262144 (order: 9, 2097152 bytes)
[    0.180852] Inode-cache hash table entries: 131072 (order: 8, 1048576 bytes)
[    0.181325] Mount-cache hash table entries: 4096 (order: 3, 32768 bytes)
[    0.181775] Mountpoint-cache hash table entries: 4096 (order: 3, 32768 bytes)
[    0.182385] mce: CPU supports 0 MCE banks
[    0.182783] process: using mwait in idle threads
[    0.183172] Last level iTLB entries: 4KB 128, 2MB 8, 4MB 8
[    0.183575] Last level dTLB entries: 4KB 64, 2MB 0, 4MB 0, 1GB 4
[    0.183771] Spectre V2 : Mitigation: Full generic retpoline
[    0.184030] Spectre V2 : Spectre v2 / SpectreRSB mitigation: Filling RSB on context switch
[    0.184772] Speculative Store Bypass: Vulnerable
[    0.197805] Freeing SMP alternatives memory: 40K
[    0.198771] smpboot: CPU0: Intel(R) Core(TM) i5-5575R CPU @ 2.80GHz (family: 0x6, model: 0x47, stepping: 0x1)
[    0.198771] Performance Events: unsupported p6 CPU model 71 no PMU driver, software events only.
[    0.198771] rcu: Hierarchical SRCU implementation.
[    0.199373] smp: Bringing up secondary CPUs ...
[    0.199773] smp: Brought up 1 node, 1 CPU
[    0.200121] smpboot: Max logical packages: 1
[    0.200471] smpboot: Total of 1 processors activated (5587.12 BogoMIPS)
[    0.200880] devtmpfs: initialized
[    0.201354] clocksource: jiffies: mask: 0xffffffff max_cycles: 0xffffffff, max_idle_ns: 1911260446275000 ns
[    0.201780] futex hash table entries: 256 (order: 2, 16384 bytes)
[    0.202797] kworker/u2:0 (17) used greatest stack depth: 14592 bytes left
[    0.203283] RTC time:  8:02:27, date: 10/03/18
[    0.203834] NET: Registered protocol family 16
[    0.204252] audit: initializing netlink subsys (disabled)
[    0.204771] cpuidle: using governor menu
[    0.204813] ACPI: bus type PCI registered
[    0.205268] PCI: Using configuration type 1 for base access
[    0.205771] audit: type=2000 audit(1538553747.034:1): state=initialized audit_enabled=0 res=1
[    0.206303] kworker/u2:1 (20) used greatest stack depth: 14144 bytes left
[    0.216608] HugeTLB registered 2.00 MiB page size, pre-allocated 0 pages
[    0.216899] ACPI: Added _OSI(Module Device)
[    0.217294] ACPI: Added _OSI(Processor Device)
[    0.217777] ACPI: Added _OSI(3.0 _SCP Extensions)
[    0.218159] ACPI: Added _OSI(Processor Aggregator Device)
[    0.218706] ACPI: Added _OSI(Linux-Dell-Video)
[    0.218796] ACPI: Added _OSI(Linux-Lenovo-NV-HDMI-Audio)
[    0.220308] ACPI: 2 ACPI AML tables successfully acquired and loaded
[    0.222771] ACPI: Interpreter enabled
[    0.222787] ACPI: (supports S0 S5)
[    0.223123] ACPI: Using IOAPIC for interrupt routing
[    0.223913] PCI: Using host bridge windows from ACPI; if necessary, use "pci=nocrs" and report a bug
[    0.224562] ACPI: Enabled 2 GPEs in block 00 to 07
[    0.229095] ACPI: PCI Root Bridge [PCI0] (domain 0000 [bus 00-ff])
[    0.229515] acpi PNP0A03:00: _OSC: OS supports [ASPM ClockPM Segments MSI]
[    0.229879] acpi PNP0A03:00: _OSC: not requesting OS control; OS requires [ExtendedConfig ASPM ClockPM MSI]
[    0.230782] acpi PNP0A03:00: fail to add MMCONFIG information, can't access extended PCI configuration space under this bridge.
[    0.231767] PCI host bridge to bus 0000:00
[    0.231804] pci_bus 0000:00: root bus resource [io  0x0000-0x0cf7 window]
[    0.232244] pci_bus 0000:00: root bus resource [io  0x0d00-0xffff window]
[    0.232780] pci_bus 0000:00: root bus resource [mem 0x000a0000-0x000bffff window]
[    0.233333] pci_bus 0000:00: root bus resource [mem 0x80000000-0xfdffffff window]
[    0.233803] pci_bus 0000:00: root bus resource [bus 00-ff]
[    0.234245] pci 0000:00:00.0: [8086:1237] type 00 class 0x060000
[    0.235564] pci 0000:00:01.0: [8086:7000] type 00 class 0x060100
[    0.236826] pci 0000:00:01.1: [8086:7111] type 00 class 0x01018a
[    0.237572] pci 0000:00:01.1: reg 0x20: [io  0xd000-0xd00f]
[    0.237856] pci 0000:00:01.1: legacy IDE quirk: reg 0x10: [io  0x01f0-0x01f7]
[    0.238284] pci 0000:00:01.1: legacy IDE quirk: reg 0x14: [io  0x03f6]
[    0.238689] pci 0000:00:01.1: legacy IDE quirk: reg 0x18: [io  0x0170-0x0177]
[    0.238773] pci 0000:00:01.1: legacy IDE quirk: reg 0x1c: [io  0x0376]
[    0.239809] pci 0000:00:02.0: [80ee:beef] type 00 class 0x030000
[    0.241043] pci 0000:00:02.0: reg 0x10: [mem 0xe0000000-0xe0ffffff pref]
[    0.247371] pci 0000:00:03.0: [8086:100e] type 00 class 0x020000
[    0.247981] pci 0000:00:03.0: reg 0x10: [mem 0xf0000000-0xf001ffff]
[    0.249531] pci 0000:00:03.0: reg 0x18: [io  0xd010-0xd017]
[    0.254490] pci 0000:00:04.0: [80ee:cafe] type 00 class 0x088000
[    0.255265] pci 0000:00:04.0: reg 0x10: [io  0xd020-0xd03f]
[    0.256120] pci 0000:00:04.0: reg 0x14: [mem 0xf0400000-0xf07fffff]
[    0.256880] pci 0000:00:04.0: reg 0x18: [mem 0xf0800000-0xf0803fff pref]
[    0.260344] pci 0000:00:05.0: [8086:2415] type 00 class 0x040100
[    0.260557] pci 0000:00:05.0: reg 0x10: [io  0xd100-0xd1ff]
[    0.260679] pci 0000:00:05.0: reg 0x14: [io  0xd200-0xd23f]
[    0.261638] pci 0000:00:06.0: [106b:003f] type 00 class 0x0c0310
[    0.262262] pci 0000:00:06.0: reg 0x10: [mem 0xf0804000-0xf0804fff]
[    0.267592] pci 0000:00:07.0: [8086:7113] type 00 class 0x068000
[    0.268197] pci 0000:00:07.0: quirk: [io  0x4000-0x403f] claimed by PIIX4 ACPI
[    0.268800] pci 0000:00:07.0: quirk: [io  0x4100-0x410f] claimed by PIIX4 SMB
[    0.269854] pci 0000:00:0d.0: [8086:2829] type 00 class 0x010601
[    0.270810] pci 0000:00:0d.0: reg 0x10: [io  0xd240-0xd247]
[    0.271922] pci 0000:00:0d.0: reg 0x14: [io  0xd248-0xd24b]
[    0.272804] pci 0000:00:0d.0: reg 0x18: [io  0xd250-0xd257]
[    0.273693] pci 0000:00:0d.0: reg 0x1c: [io  0xd258-0xd25b]
[    0.274677] pci 0000:00:0d.0: reg 0x20: [io  0xd260-0xd26f]
[    0.275201] pci 0000:00:0d.0: reg 0x24: [mem 0xf0806000-0xf0807fff]
[    0.278367] ACPI: PCI Interrupt Link [LNKA] (IRQs 5 9 10 *11)
[    0.278987] ACPI: PCI Interrupt Link [LNKB] (IRQs 5 9 *10 11)
[    0.279474] ACPI: PCI Interrupt Link [LNKC] (IRQs 5 *9 10 11)
[    0.279905] ACPI: PCI Interrupt Link [LNKD] (IRQs 5 9 10 *11)
[    0.280522] pci 0000:00:02.0: vgaarb: setting as boot VGA device
[    0.280771] pci 0000:00:02.0: vgaarb: VGA device added: decodes=io+mem,owns=io+mem,locks=none
[    0.280776] pci 0000:00:02.0: vgaarb: bridge control possible
[    0.281166] vgaarb: loaded
[    0.281884] SCSI subsystem initialized
[    0.282302] libata version 3.00 loaded.
[    0.282354] ACPI: bus type USB registered
[    0.283052] usbcore: registered new interface driver usbfs
[    0.283810] usbcore: registered new interface driver hub
[    0.284205] usbcore: registered new device driver usb
[    0.284835] pps_core: LinuxPPS API ver. 1 registered
[    0.285776] pps_core: Software ver. 5.3.6 - Copyright 2005-2007 Rodolfo Giometti <giometti@linux.it>
[    0.286687] PTP clock support registered
[    0.286826] EDAC MC: Ver: 3.0.0
[    0.287986] Advanced Linux Sound Architecture Driver Initialized.
[    0.288419] PCI: Using ACPI for IRQ routing
[    0.288775] PCI: pci_cache_line_size set to 64 bytes
[    0.289020] e820: reserve RAM buffer [mem 0x0009fc00-0x0009ffff]
[    0.289024] e820: reserve RAM buffer [mem 0x7fff0000-0x7fffffff]
[    0.289135] NetLabel: Initializing
[    0.289476] NetLabel:  domain hash size = 128
[    0.289776] NetLabel:  protocols = UNLABELED CIPSOv4 CALIPSO
[    0.290183] NetLabel:  unlabeled traffic allowed by default
[    0.290737] clocksource: Switched to clocksource tsc-early
[    0.297291] VFS: Disk quotas dquot_6.6.0
[    0.297660] VFS: Dquot-cache hash table entries: 512 (order 0, 4096 bytes)
[    0.298711] pnp: PnP ACPI init
[    0.299168] pnp 00:00: Plug and Play ACPI device, IDs PNP0303 (active)
[    0.299248] pnp 00:01: Plug and Play ACPI device, IDs PNP0f03 (active)
[    0.300055] pnp: PnP ACPI: found 2 devices
[    0.306709] clocksource: acpi_pm: mask: 0xffffff max_cycles: 0xffffff, max_idle_ns: 2085701024 ns
[    0.307582] pci_bus 0000:00: resource 4 [io  0x0000-0x0cf7 window]
[    0.307583] pci_bus 0000:00: resource 5 [io  0x0d00-0xffff window]
[    0.307584] pci_bus 0000:00: resource 6 [mem 0x000a0000-0x000bffff window]
[    0.307585] pci_bus 0000:00: resource 7 [mem 0x80000000-0xfdffffff window]
[    0.307619] NET: Registered protocol family 2
[    0.308757] tcp_listen_portaddr_hash hash table entries: 1024 (order: 2, 16384 bytes)
[    0.309313] TCP established hash table entries: 16384 (order: 5, 131072 bytes)
[    0.309815] TCP bind hash table entries: 16384 (order: 6, 262144 bytes)
[    0.310495] TCP: Hash tables configured (established 16384 bind 16384)
[    0.311028] UDP hash table entries: 1024 (order: 3, 32768 bytes)
[    0.311469] UDP-Lite hash table entries: 1024 (order: 3, 32768 bytes)
[    0.311985] NET: Registered protocol family 1
[    0.312498] RPC: Registered named UNIX socket transport module.
[    0.312930] RPC: Registered udp transport module.
[    0.313310] RPC: Registered tcp transport module.
[    0.313721] RPC: Registered tcp NFSv4.1 backchannel transport module.
[    0.314105] pci 0000:00:00.0: Limiting direct PCI/PCI transfers
[    0.314517] pci 0000:00:01.0: Activating ISA DMA hang workarounds
[    0.315037] pci 0000:00:02.0: Video device with shadowed ROM at [mem 0x000c0000-0x000dffff]
[    0.316658] PCI: CLS 0 bytes, default 64
[    0.316738] RAPL PMU: API unit is 2^-32 Joules, 4 fixed counters, 10737418240 ms ovfl timer
[    0.317184] RAPL PMU: hw unit of domain pp0-core 2^-0 Joules
[    0.317380] RAPL PMU: hw unit of domain package 2^-0 Joules
[    0.317950] RAPL PMU: hw unit of domain dram 2^-0 Joules
[    0.318386] RAPL PMU: hw unit of domain pp1-gpu 2^-0 Joules
[    0.318842] platform rtc_cmos: registered platform RTC device (no PNP device found)
[    0.319461] Scanning for low memory corruption every 60 seconds
[    0.320238] Initialise system trusted keyrings
[    0.321168] workingset: timestamp_bits=56 max_order=19 bucket_order=0
[    0.323849] NFS: Registering the id_resolver key type
[    0.324307] Key type id_resolver registered
[    0.324674] Key type id_legacy registered
[    0.325730] Key type asymmetric registered
[    0.326012] Asymmetric key parser 'x509' registered
[    0.326410] Block layer SCSI generic (bsg) driver version 0.4 loaded (major 251)
[    0.326934] io scheduler noop registered
[    0.327279] io scheduler deadline registered
[    0.327666] io scheduler cfq registered (default)
[    0.328009] io scheduler mq-deadline registered
[    0.328369] io scheduler kyber registered
[    0.328939] ACPI: AC Adapter [AC] (on-line)
[    0.329603] input: Power Button as /devices/LNXSYSTM:00/LNXPWRBN:00/input/input0
[    0.330778] ACPI: Power Button [PWRF]
[    0.331295] input: Sleep Button as /devices/LNXSYSTM:00/LNXSLPBN:00/input/input1
[    0.331866] ACPI: Sleep Button [SLPF]
[    0.332461] ACPI: Video Device [GFX0] (multi-head: yes  rom: no  post: no)
[    0.332987] input: Video Bus as /devices/LNXSYSTM:00/LNXSYBUS:00/PNP0A03:00/LNXVIDEO:00/input/input2
[    0.333815] Serial: 8250/16550 driver, 4 ports, IRQ sharing enabled
[    0.334577] Non-volatile memory driver v1.3
[    0.334957] Linux agpgart interface v0.103
[    0.337890] loop: module loaded
[    0.338333] ahci 0000:00:0d.0: version 3.0
[    0.338791] ahci 0000:00:0d.0: SSS flag set, parallel bus scan disabled
[    0.339197] ahci 0000:00:0d.0: AHCI 0001.0100 32 slots 2 ports 3 Gbps 0x3 impl SATA mode
[    0.339718] ahci 0000:00:0d.0: flags: 64bit ncq stag only ccc 
[    0.340660] scsi host0: ahci
[    0.341133] scsi host1: ahci
[    0.341505] ata1: SATA max UDMA/133 abar m8192@0xf0806000 port 0xf0806100 irq 21
[    0.342017] ata2: SATA max UDMA/133 abar m8192@0xf0806000 port 0xf0806180 irq 21
[    0.342612] ata_piix 0000:00:01.1: version 2.13
[    0.343001] scsi host2: ata_piix
[    0.343445] scsi host3: ata_piix
[    0.343805] ata3: PATA max UDMA/33 cmd 0x1f0 ctl 0x3f6 bmdma 0xd000 irq 14
[    0.344129] ata4: PATA max UDMA/33 cmd 0x170 ctl 0x376 bmdma 0xd008 irq 15
[    0.344554] e100: Intel(R) PRO/100 Network Driver, 3.5.24-k2-NAPI
[    0.344952] e100: Copyright(c) 1999-2006 Intel Corporation
[    0.345380] e1000: Intel(R) PRO/1000 Network Driver - version 7.3.21-k8-NAPI
[    0.345801] e1000: Copyright (c) 1999-2006 Intel Corporation.
[    0.501486] ata3.00: ATA-6: VBOX HARDDISK, 1.0, max UDMA/133
[    0.501899] ata3.00: 129490944 sectors, multi 128: LBA 
[    0.502278] ata3.01: ATA-6: VBOX HARDDISK, 1.0, max UDMA/133
[    0.502601] ata3.01: 103317504 sectors, multi 128: LBA 
[    0.503342] ata4.00: ATAPI: VBOX CD-ROM, 1.0, max UDMA/133
[    0.662094] ata1: SATA link down (SStatus 0 SControl 300)
[    0.728263] e1000 0000:00:03.0 eth0: (PCI:33MHz:32-bit) 08:00:27:b1:14:9b
[    0.728737] e1000 0000:00:03.0 eth0: Intel(R) PRO/1000 Network Connection
[    0.729185] e1000e: Intel(R) PRO/1000 Network Driver - 3.2.6-k
[    0.729638] e1000e: Copyright(c) 1999 - 2015 Intel Corporation.
[    0.730084] sky2: driver version 1.30
[    0.730891] ehci_hcd: USB 2.0 'Enhanced' Host Controller (EHCI) Driver
[    0.731328] ehci-pci: EHCI PCI platform driver
[    0.731738] ohci_hcd: USB 1.1 'Open' Host Controller (OHCI) Driver
[    0.732173] ohci-pci: OHCI PCI platform driver
[    0.733830] ohci-pci 0000:00:06.0: OHCI PCI host controller
[    0.734275] ohci-pci 0000:00:06.0: new USB bus registered, assigned bus number 1
[    0.734906] ohci-pci 0000:00:06.0: irq 22, io mem 0xf0804000
[    0.787837] usb usb1: New USB device found, idVendor=1d6b, idProduct=0001, bcdDevice= 4.19
[    0.788350] usb usb1: New USB device strings: Mfr=3, Product=2, SerialNumber=1
[    0.788737] usb usb1: Product: OHCI PCI host controller
[    0.788955] usb usb1: Manufacturer: Linux 4.19.0-rc4 ohci_hcd
[    0.789335] usb usb1: SerialNumber: 0000:00:06.0
[    0.790451] hub 1-0:1.0: USB hub found
[    0.790861] hub 1-0:1.0: 12 ports detected
[    0.791502] uhci_hcd: USB Universal Host Controller Interface driver
[    0.792229] usbcore: registered new interface driver usblp
[    0.792624] usbcore: registered new interface driver usb-storage
[    0.793105] i8042: PNP: PS/2 Controller [PNP0303:PS2K,PNP0f03:PS2M] at 0x60,0x64 irq 1,12
[    0.794217] serio: i8042 KBD port at 0x60,0x64 irq 1
[    0.794612] serio: i8042 AUX port at 0x60,0x64 irq 12
[    0.795444] input: AT Translated Set 2 keyboard as /devices/platform/i8042/serio0/input/input3
[    0.797131] rtc_cmos rtc_cmos: registered as rtc0
[    0.797527] rtc_cmos rtc_cmos: alarms up to one day, 114 bytes nvram
[    0.798089] device-mapper: ioctl: 4.39.0-ioctl (2018-04-03) initialised: dm-devel@redhat.com
[    0.798640] hidraw: raw HID events driver (C) Jiri Kosina
[    0.799544] usbcore: registered new interface driver usbhid
[    0.799954] usbhid: USB HID core driver
[    0.800613] Initializing XFRM netlink socket
[    0.801001] NET: Registered protocol family 10
[    0.802688] Segment Routing with IPv6
[    0.803251] sit: IPv6, IPv4 and MPLS over IPv4 tunneling driver
[    0.803815] NET: Registered protocol family 17
[    0.804189] Key type dns_resolver registered
[    0.804634] sched_clock: Marking stable (744042544, 60504164)->(907963609, -103416901)
[    0.805282] registered taskstats version 1
[    0.805658] Loading compiled-in X.509 certificates
[    0.806185]   Magic number: 6:58:17
[    0.806553] console [netcon0] enabled
[    0.806881] netconsole: network logging started
[    0.807286] cfg80211: Loading compiled-in X.509 certificates for regulatory database
[    0.807934] cfg80211: Loaded X.509 cert 'sforshee: 00b28ddf47aef9cea7'
[    0.808351] ALSA device list:
[    0.808645]   No soundcards found.
[    0.809021] platform regulatory.0: Direct firmware load for regulatory.db failed with error -2
[    0.809540] cfg80211: failed to load regulatory.db
[    0.978212] ata2: SATA link down (SStatus 0 SControl 300)
[    0.978701] scsi 2:0:0:0: Direct-Access     ATA      VBOX HARDDISK    1.0  PQ: 0 ANSI: 5
[    0.979374] sd 2:0:0:0: [sda] 129490944 512-byte logical blocks: (66.3 GB/61.7 GiB)
[    0.979896] sd 2:0:0:0: [sda] Write Protect is off
[    0.980231] sd 2:0:0:0: [sda] Mode Sense: 00 3a 00 00
[    0.980257] sd 2:0:0:0: Attached scsi generic sg0 type 0
[    0.980728] scsi 2:0:1:0: Direct-Access     ATA      VBOX HARDDISK    1.0  PQ: 0 ANSI: 5
[    0.981321] sd 2:0:1:0: [sdb] 103317504 512-byte logical blocks: (52.9 GB/49.3 GiB)
[    0.981844] sd 2:0:1:0: [sdb] Write Protect is off
[    0.982237] sd 2:0:1:0: [sdb] Mode Sense: 00 3a 00 00
[    0.982297] sd 2:0:1:0: Attached scsi generic sg1 type 0
[    0.982716] sd 2:0:0:0: [sda] Write cache: enabled, read cache: enabled, doesn't support DPO or FUA
[    0.983377] sd 2:0:1:0: [sdb] Write cache: enabled, read cache: enabled, doesn't support DPO or FUA
[    0.984211] scsi 3:0:0:0: CD-ROM            VBOX     CD-ROM           1.0  PQ: 0 ANSI: 5
[    0.985326]  sda: sda1
[    0.985799] sd 2:0:0:0: [sda] Attached SCSI disk
[    0.999629] sr 3:0:0:0: [sr0] scsi3-mmc drive: 32x/32x xa/form2 tray
[    1.000056] cdrom: Uniform CD-ROM driver Revision: 3.20
[    1.000436] sr 3:0:0:0: Attached scsi CD-ROM sr0
[    1.000497] sr 3:0:0:0: Attached scsi generic sg2 type 5
[    1.004074]  sdb: sdb1 sdb2 sdb3
[    1.004876] random: fast init done
[    1.005582] input: ImExPS/2 Generic Explorer Mouse as /devices/platform/i8042/serio1/input/input5
[    1.006371] sd 2:0:1:0: [sdb] Attached SCSI disk
[    1.007361] md: Waiting for all devices to be available before autodetect
[    1.007793] md: If you don't use raid, use raid=noautodetect
[    1.008280] md: Autodetecting RAID arrays.
[    1.008707] md: autorun ...
[    1.009104] md: ... autorun DONE.
[    1.028029] EXT4-fs (sdb1): mounted filesystem with ordered data mode. Opts: (null)
[    1.028458] VFS: Mounted root (ext4 filesystem) readonly on device 8:17.
[    1.064686] devtmpfs: mounted
[    1.065670] Freeing unused kernel image memory: 1236K
[    1.067522] Write protecting the kernel read-only data: 18432k
[    1.068295] Freeing unused kernel image memory: 2004K
[    1.068705] Freeing unused kernel image memory: 1072K
[    1.069109] Run /sbin/init as init process
[    1.170812] usb 1-1: new full-speed USB device number 2 using ohci-pci
[    1.354910] tsc: Refined TSC clocksource calibration: 2793.533 MHz
[    1.355338] clocksource: tsc: mask: 0xffffffffffffffff max_cycles: 0x284463b702f, max_idle_ns: 440795312082 ns
[    1.355889] clocksource: Switched to clocksource tsc
[    1.402861] usb 1-1: New USB device found, idVendor=80ee, idProduct=0021, bcdDevice= 1.00
[    1.403572] usb 1-1: New USB device strings: Mfr=1, Product=3, SerialNumber=0
[    1.403918] usb 1-1: Product: USB Tablet
[    1.404271] usb 1-1: Manufacturer: VirtualBox
[    1.415882] input: VirtualBox USB Tablet as /devices/pci0000:00/0000:00:06.0/usb1/1-1/1-1:1.0/0003:80EE:0021.0001/input/input6
[    1.416501] hid-generic 0003:80EE:0021.0001: input,hidraw0: USB HID v1.10 Mouse [VirtualBox USB Tablet] on usb-0000:00:06.0-1/input0
[    1.903863] systemd[1]: RTC configured in localtime, applying delta of 120 minutes to system time.
[    2.019335] systemd[1]: systemd 237 running in system mode. (-PAM -AUDIT -SELINUX +IMA -APPARMOR +SMACK +SYSVINIT +UTMP -LIBCRYPTSETUP -GCRYPT -GNUTLS +ACL +XZ -LZ4 -SECCOMP +BLKID -ELFUTILS +KMOD -IDN2 -IDN -PCRE2 default-hierarchy=hybrid)
[    2.020191] systemd[1]: Detected virtualization oracle.
[    2.020300] systemd[1]: Detected architecture x86-64.
[    2.045471] systemd[1]: Set hostname to <ldamulel>.
[    2.320968] systemd-rc-loca (1056) used greatest stack depth: 13824 bytes left
[    2.741129] systemd[1]: File /lib/systemd/system/systemd-journald.service:35 configures an IP firewall (IPAddressDeny=any), but the local system does not support BPF/cgroup based firewalling.
[    2.742732] systemd[1]: Proceeding WITHOUT firewalling in effect! (This warning is only shown for the first loaded unit using IP firewalling.)
[    2.971574] random: systemd: uninitialized urandom read (16 bytes read)
[    2.971906] systemd[1]: Reached target Remote File Systems.
[    2.973690] random: systemd: uninitialized urandom read (16 bytes read)
[    2.974159] systemd[1]: Started Forward Password Requests to Wall Directory Watch.
[    2.976166] random: systemd: uninitialized urandom read (16 bytes read)
[    2.976680] systemd[1]: Created slice System Slice.
[    2.980748] systemd[1]: Listening on Process Core Dump Socket.
[    3.237635] mount (1060) used greatest stack depth: 13624 bytes left
[    3.861928] EXT4-fs (sdb1): re-mounted. Opts: (null)
[    4.016853] systemd-journald[1068]: Received request to flush runtime journal from PID 1
[    4.076418] systemd-tmpfile (1067) used greatest stack depth: 13592 bytes left
[    4.110679] systemd-journald[1068]: File /var/log/journal/647ac2139e21428794d5573cbc88b6fd/system.journal corrupted or uncleanly shut down, renaming and replacing.
[    4.619241] journal-offline (1576) used greatest stack depth: 13520 bytes left
[    4.897350] cdrom_id (1590) used greatest stack depth: 13384 bytes left
[    5.014735] IPv6: ADDRCONF(NETDEV_UP): eth0: link is not ready
[    5.017257] e1000: eth0 NIC Link is Up 1000 Mbps Full Duplex, Flow Control: RX
[    5.017498] IPv6: ADDRCONF(NETDEV_CHANGE): eth0: link becomes ready
[    5.457391] EXT4-fs (sdb2): mounting ext2 file system using the ext4 subsystem
[    5.511611] Adding 6316028k swap on /dev/sdb3.  Priority:1 extents:1 across:6316028k 
[    5.513814] EXT4-fs (sdb2): warning: mounting unchecked fs, running e2fsck is recommended
[    5.515891] EXT4-fs (sdb2): mounted filesystem without journal. Opts: (null)
[    7.287995] dhcpcd (1633) used greatest stack depth: 12688 bytes left
[   14.091327] random: crng init done
[   14.091696] random: 7 urandom warning(s) missed due to ratelimiting
[  438.193555] hrtimer: interrupt took 6433117 ns
